------------------------------------------------------------
TimeQuest Timing Analyzer Summary
------------------------------------------------------------

Type  : Slow 1200mV 85C Model Setup 'final:FIN|seg_7_2:TDSEG|cnt:C1|cnt8:U1|count[2]'
Slack : -0.571
TNS   : -0.735

Type  : Slow 1200mV 85C Model Setup 'final:FIN|seg_7_2:TDSEG|cnt:C1|cnt8:U0|count[2]'
Slack : -0.567
TNS   : -0.724

Type  : Slow 1200mV 85C Model Setup 'CLOCK'
Slack : -0.566
TNS   : -0.725

Type  : Slow 1200mV 85C Model Setup 'final:FIN|seg_7_2:TDSEG|cnt:C1|cnt8:U2|count[2]'
Slack : -0.566
TNS   : -0.721

Type  : Slow 1200mV 85C Model Setup 'final:FIN|seg_7_2:TDSEG|cnt:C1|cnt8:U3|count[2]'
Slack : -0.288
TNS   : -0.288

Type  : Slow 1200mV 85C Model Hold 'final:FIN|seg_7_2:TDSEG|cnt:C1|cnt8:U2|count[2]'
Slack : -0.404
TNS   : -0.404

Type  : Slow 1200mV 85C Model Hold 'final:FIN|seg_7_2:TDSEG|cnt:C1|cnt8:U1|count[2]'
Slack : -0.318
TNS   : -0.318

Type  : Slow 1200mV 85C Model Hold 'final:FIN|seg_7_2:TDSEG|cnt:C1|cnt8:U0|count[2]'
Slack : -0.205
TNS   : -0.205

Type  : Slow 1200mV 85C Model Hold 'CLOCK'
Slack : 0.136
TNS   : 0.000

Type  : Slow 1200mV 85C Model Hold 'final:FIN|seg_7_2:TDSEG|cnt:C1|cnt8:U3|count[2]'
Slack : 0.452
TNS   : 0.000

Type  : Slow 1200mV 85C Model Minimum Pulse Width 'CLOCK'
Slack : -3.000
TNS   : -7.461

Type  : Slow 1200mV 85C Model Minimum Pulse Width 'final:FIN|seg_7_2:TDSEG|cnt:C1|cnt8:U0|count[2]'
Slack : -1.487
TNS   : -4.461

Type  : Slow 1200mV 85C Model Minimum Pulse Width 'final:FIN|seg_7_2:TDSEG|cnt:C1|cnt8:U1|count[2]'
Slack : -1.487
TNS   : -4.461

Type  : Slow 1200mV 85C Model Minimum Pulse Width 'final:FIN|seg_7_2:TDSEG|cnt:C1|cnt8:U2|count[2]'
Slack : -1.487
TNS   : -4.461

Type  : Slow 1200mV 85C Model Minimum Pulse Width 'final:FIN|seg_7_2:TDSEG|cnt:C1|cnt8:U3|count[2]'
Slack : -1.487
TNS   : -4.461

Type  : Slow 1200mV 0C Model Setup 'final:FIN|seg_7_2:TDSEG|cnt:C1|cnt8:U1|count[2]'
Slack : -0.428
TNS   : -0.509

Type  : Slow 1200mV 0C Model Setup 'final:FIN|seg_7_2:TDSEG|cnt:C1|cnt8:U0|count[2]'
Slack : -0.427
TNS   : -0.504

Type  : Slow 1200mV 0C Model Setup 'CLOCK'
Slack : -0.426
TNS   : -0.504

Type  : Slow 1200mV 0C Model Setup 'final:FIN|seg_7_2:TDSEG|cnt:C1|cnt8:U2|count[2]'
Slack : -0.424
TNS   : -0.498

Type  : Slow 1200mV 0C Model Setup 'final:FIN|seg_7_2:TDSEG|cnt:C1|cnt8:U3|count[2]'
Slack : -0.161
TNS   : -0.161

Type  : Slow 1200mV 0C Model Hold 'final:FIN|seg_7_2:TDSEG|cnt:C1|cnt8:U2|count[2]'
Slack : -0.259
TNS   : -0.259

Type  : Slow 1200mV 0C Model Hold 'final:FIN|seg_7_2:TDSEG|cnt:C1|cnt8:U1|count[2]'
Slack : -0.229
TNS   : -0.229

Type  : Slow 1200mV 0C Model Hold 'final:FIN|seg_7_2:TDSEG|cnt:C1|cnt8:U0|count[2]'
Slack : -0.108
TNS   : -0.108

Type  : Slow 1200mV 0C Model Hold 'CLOCK'
Slack : 0.232
TNS   : 0.000

Type  : Slow 1200mV 0C Model Hold 'final:FIN|seg_7_2:TDSEG|cnt:C1|cnt8:U3|count[2]'
Slack : 0.401
TNS   : 0.000

Type  : Slow 1200mV 0C Model Minimum Pulse Width 'CLOCK'
Slack : -3.000
TNS   : -7.461

Type  : Slow 1200mV 0C Model Minimum Pulse Width 'final:FIN|seg_7_2:TDSEG|cnt:C1|cnt8:U0|count[2]'
Slack : -1.487
TNS   : -4.461

Type  : Slow 1200mV 0C Model Minimum Pulse Width 'final:FIN|seg_7_2:TDSEG|cnt:C1|cnt8:U1|count[2]'
Slack : -1.487
TNS   : -4.461

Type  : Slow 1200mV 0C Model Minimum Pulse Width 'final:FIN|seg_7_2:TDSEG|cnt:C1|cnt8:U2|count[2]'
Slack : -1.487
TNS   : -4.461

Type  : Slow 1200mV 0C Model Minimum Pulse Width 'final:FIN|seg_7_2:TDSEG|cnt:C1|cnt8:U3|count[2]'
Slack : -1.487
TNS   : -4.461

Type  : Fast 1200mV 0C Model Setup 'CLOCK'
Slack : 0.145
TNS   : 0.000

Type  : Fast 1200mV 0C Model Setup 'final:FIN|seg_7_2:TDSEG|cnt:C1|cnt8:U1|count[2]'
Slack : 0.225
TNS   : 0.000

Type  : Fast 1200mV 0C Model Setup 'final:FIN|seg_7_2:TDSEG|cnt:C1|cnt8:U0|count[2]'
Slack : 0.227
TNS   : 0.000

Type  : Fast 1200mV 0C Model Setup 'final:FIN|seg_7_2:TDSEG|cnt:C1|cnt8:U2|count[2]'
Slack : 0.320
TNS   : 0.000

Type  : Fast 1200mV 0C Model Setup 'final:FIN|seg_7_2:TDSEG|cnt:C1|cnt8:U3|count[2]'
Slack : 0.436
TNS   : 0.000

Type  : Fast 1200mV 0C Model Hold 'final:FIN|seg_7_2:TDSEG|cnt:C1|cnt8:U2|count[2]'
Slack : -0.308
TNS   : -0.308

Type  : Fast 1200mV 0C Model Hold 'final:FIN|seg_7_2:TDSEG|cnt:C1|cnt8:U1|count[2]'
Slack : -0.196
TNS   : -0.196

Type  : Fast 1200mV 0C Model Hold 'final:FIN|seg_7_2:TDSEG|cnt:C1|cnt8:U0|count[2]'
Slack : -0.183
TNS   : -0.183

Type  : Fast 1200mV 0C Model Hold 'CLOCK'
Slack : -0.104
TNS   : -0.104

Type  : Fast 1200mV 0C Model Hold 'final:FIN|seg_7_2:TDSEG|cnt:C1|cnt8:U3|count[2]'
Slack : 0.186
TNS   : 0.000

Type  : Fast 1200mV 0C Model Minimum Pulse Width 'CLOCK'
Slack : -3.000
TNS   : -6.192

Type  : Fast 1200mV 0C Model Minimum Pulse Width 'final:FIN|seg_7_2:TDSEG|cnt:C1|cnt8:U0|count[2]'
Slack : -1.000
TNS   : -3.000

Type  : Fast 1200mV 0C Model Minimum Pulse Width 'final:FIN|seg_7_2:TDSEG|cnt:C1|cnt8:U1|count[2]'
Slack : -1.000
TNS   : -3.000

Type  : Fast 1200mV 0C Model Minimum Pulse Width 'final:FIN|seg_7_2:TDSEG|cnt:C1|cnt8:U2|count[2]'
Slack : -1.000
TNS   : -3.000

Type  : Fast 1200mV 0C Model Minimum Pulse Width 'final:FIN|seg_7_2:TDSEG|cnt:C1|cnt8:U3|count[2]'
Slack : -1.000
TNS   : -3.000

------------------------------------------------------------
