Analysis & Synthesis report for psj
Fri May 10 14:40:09 2024
Quartus II 64-Bit Version 13.0.1 Build 232 06/12/2013 Service Pack 1 SJ Web Edition


---------------------
; Table of Contents ;
---------------------
  1. Legal Notice
  2. Analysis & Synthesis Summary
  3. Analysis & Synthesis Settings
  4. Parallel Compilation
  5. Analysis & Synthesis Source Files Read
  6. Analysis & Synthesis Resource Usage Summary
  7. Analysis & Synthesis Resource Utilization by Entity
  8. General Register Statistics
  9. Port Connectivity Checks: "seg_7_2:S|mux2to1:M9"
 10. Port Connectivity Checks: "seg_7_2:S|mux2to1:M8"
 11. Port Connectivity Checks: "seg_7_2:S|seg_7:MSD"
 12. Port Connectivity Checks: "seg_7_2:S|seg_7:LSD"
 13. Port Connectivity Checks: "seg_7_2:S"
 14. Elapsed Time Per Partition
 15. Analysis & Synthesis Messages
 16. Analysis & Synthesis Suppressed Messages



----------------
; Legal Notice ;
----------------
Copyright (C) 1991-2013 Altera Corporation
Your use of Altera Corporation's design tools, logic functions 
and other software and tools, and its AMPP partner logic 
functions, and any output files from any of the foregoing 
(including device programming or simulation files), and any 
associated documentation or information are expressly subject 
to the terms and conditions of the Altera Program License 
Subscription Agreement, Altera MegaCore Function License 
Agreement, or other applicable license agreement, including, 
without limitation, that your use is for the sole purpose of 
programming logic devices manufactured by Altera and sold by 
Altera or its authorized distributors.  Please refer to the 
applicable agreement for further details.



+--------------------------------------------------------------------------------------+
; Analysis & Synthesis Summary                                                         ;
+------------------------------------+-------------------------------------------------+
; Analysis & Synthesis Status        ; Successful - Fri May 10 14:40:09 2024           ;
; Quartus II 64-Bit Version          ; 13.0.1 Build 232 06/12/2013 SP 1 SJ Web Edition ;
; Revision Name                      ; psj                                             ;
; Top-level Entity Name              ; input_map                                       ;
; Family                             ; Cyclone IV E                                    ;
; Total logic elements               ; 41                                              ;
;     Total combinational functions  ; 41                                              ;
;     Dedicated logic registers      ; 15                                              ;
; Total registers                    ; 15                                              ;
; Total pins                         ; 30                                              ;
; Total virtual pins                 ; 0                                               ;
; Total memory bits                  ; 0                                               ;
; Embedded Multiplier 9-bit elements ; 0                                               ;
; Total PLLs                         ; 0                                               ;
+------------------------------------+-------------------------------------------------+


+----------------------------------------------------------------------------------------------------------------------+
; Analysis & Synthesis Settings                                                                                        ;
+----------------------------------------------------------------------------+--------------------+--------------------+
; Option                                                                     ; Setting            ; Default Value      ;
+----------------------------------------------------------------------------+--------------------+--------------------+
; Device                                                                     ; EP4CE6E22C8        ;                    ;
; Top-level entity name                                                      ; input_map          ; psj                ;
; Family name                                                                ; Cyclone IV E       ; Cyclone V          ;
; Use smart compilation                                                      ; Off                ; Off                ;
; Enable parallel Assembler and TimeQuest Timing Analyzer during compilation ; On                 ; On                 ;
; Enable compact report table                                                ; Off                ; Off                ;
; Restructure Multiplexers                                                   ; Auto               ; Auto               ;
; Create Debugging Nodes for IP Cores                                        ; Off                ; Off                ;
; Preserve fewer node names                                                  ; On                 ; On                 ;
; Disable OpenCore Plus hardware evaluation                                  ; Off                ; Off                ;
; Verilog Version                                                            ; Verilog_2001       ; Verilog_2001       ;
; VHDL Version                                                               ; VHDL_1993          ; VHDL_1993          ;
; State Machine Processing                                                   ; Auto               ; Auto               ;
; Safe State Machine                                                         ; Off                ; Off                ;
; Extract Verilog State Machines                                             ; On                 ; On                 ;
; Extract VHDL State Machines                                                ; On                 ; On                 ;
; Ignore Verilog initial constructs                                          ; Off                ; Off                ;
; Iteration limit for constant Verilog loops                                 ; 5000               ; 5000               ;
; Iteration limit for non-constant Verilog loops                             ; 250                ; 250                ;
; Add Pass-Through Logic to Inferred RAMs                                    ; On                 ; On                 ;
; Infer RAMs from Raw Logic                                                  ; On                 ; On                 ;
; Parallel Synthesis                                                         ; On                 ; On                 ;
; DSP Block Balancing                                                        ; Auto               ; Auto               ;
; NOT Gate Push-Back                                                         ; On                 ; On                 ;
; Power-Up Don't Care                                                        ; On                 ; On                 ;
; Remove Redundant Logic Cells                                               ; Off                ; Off                ;
; Remove Duplicate Registers                                                 ; On                 ; On                 ;
; Ignore CARRY Buffers                                                       ; Off                ; Off                ;
; Ignore CASCADE Buffers                                                     ; Off                ; Off                ;
; Ignore GLOBAL Buffers                                                      ; Off                ; Off                ;
; Ignore ROW GLOBAL Buffers                                                  ; Off                ; Off                ;
; Ignore LCELL Buffers                                                       ; Off                ; Off                ;
; Ignore SOFT Buffers                                                        ; On                 ; On                 ;
; Limit AHDL Integers to 32 Bits                                             ; Off                ; Off                ;
; Optimization Technique                                                     ; Balanced           ; Balanced           ;
; Carry Chain Length                                                         ; 70                 ; 70                 ;
; Auto Carry Chains                                                          ; On                 ; On                 ;
; Auto Open-Drain Pins                                                       ; On                 ; On                 ;
; Perform WYSIWYG Primitive Resynthesis                                      ; Off                ; Off                ;
; Auto ROM Replacement                                                       ; On                 ; On                 ;
; Auto RAM Replacement                                                       ; On                 ; On                 ;
; Auto DSP Block Replacement                                                 ; On                 ; On                 ;
; Auto Shift Register Replacement                                            ; Auto               ; Auto               ;
; Allow Shift Register Merging across Hierarchies                            ; Auto               ; Auto               ;
; Auto Clock Enable Replacement                                              ; On                 ; On                 ;
; Strict RAM Replacement                                                     ; Off                ; Off                ;
; Allow Synchronous Control Signals                                          ; On                 ; On                 ;
; Force Use of Synchronous Clear Signals                                     ; Off                ; Off                ;
; Auto RAM Block Balancing                                                   ; On                 ; On                 ;
; Auto RAM to Logic Cell Conversion                                          ; Off                ; Off                ;
; Auto Resource Sharing                                                      ; Off                ; Off                ;
; Allow Any RAM Size For Recognition                                         ; Off                ; Off                ;
; Allow Any ROM Size For Recognition                                         ; Off                ; Off                ;
; Allow Any Shift Register Size For Recognition                              ; Off                ; Off                ;
; Use LogicLock Constraints during Resource Balancing                        ; On                 ; On                 ;
; Ignore translate_off and synthesis_off directives                          ; Off                ; Off                ;
; Timing-Driven Synthesis                                                    ; On                 ; On                 ;
; Report Parameter Settings                                                  ; On                 ; On                 ;
; Report Source Assignments                                                  ; On                 ; On                 ;
; Report Connectivity Checks                                                 ; On                 ; On                 ;
; Ignore Maximum Fan-Out Assignments                                         ; Off                ; Off                ;
; Synchronization Register Chain Length                                      ; 2                  ; 2                  ;
; PowerPlay Power Optimization                                               ; Normal compilation ; Normal compilation ;
; HDL message level                                                          ; Level2             ; Level2             ;
; Suppress Register Optimization Related Messages                            ; Off                ; Off                ;
; Number of Removed Registers Reported in Synthesis Report                   ; 5000               ; 5000               ;
; Number of Swept Nodes Reported in Synthesis Report                         ; 5000               ; 5000               ;
; Number of Inverted Registers Reported in Synthesis Report                  ; 100                ; 100                ;
; Clock MUX Protection                                                       ; On                 ; On                 ;
; Auto Gated Clock Conversion                                                ; Off                ; Off                ;
; Block Design Naming                                                        ; Auto               ; Auto               ;
; SDC constraint protection                                                  ; Off                ; Off                ;
; Synthesis Effort                                                           ; Auto               ; Auto               ;
; Shift Register Replacement - Allow Asynchronous Clear Signal               ; On                 ; On                 ;
; Pre-Mapping Resynthesis Optimization                                       ; Off                ; Off                ;
; Analysis & Synthesis Message Level                                         ; Medium             ; Medium             ;
; Disable Register Merging Across Hierarchies                                ; Auto               ; Auto               ;
; Resource Aware Inference For Block RAM                                     ; On                 ; On                 ;
; Synthesis Seed                                                             ; 1                  ; 1                  ;
+----------------------------------------------------------------------------+--------------------+--------------------+


Parallel compilation was disabled, but you have multiple processors available. Enable parallel compilation to reduce compilation time.
+-------------------------------------+
; Parallel Compilation                ;
+----------------------------+--------+
; Processors                 ; Number ;
+----------------------------+--------+
; Number detected on machine ; 4      ;
; Maximum allowed            ; 1      ;
+----------------------------+--------+


+----------------------------------------------------------------------------------------------------------------------------+
; Analysis & Synthesis Source Files Read                                                                                     ;
+----------------------------------+-----------------+------------------------+------------------------------------+---------+
; File Name with User-Entered Path ; Used in Netlist ; File Type              ; File Name with Absolute Path       ; Library ;
+----------------------------------+-----------------+------------------------+------------------------------------+---------+
; seg_7.v                          ; yes             ; User Verilog HDL File  ; C:/altera/projects/psj/seg_7.v     ;         ;
; mux2to1.v                        ; yes             ; User Verilog HDL File  ; C:/altera/projects/psj/mux2to1.v   ;         ;
; cnt8.v                           ; yes             ; User Verilog HDL File  ; C:/altera/projects/psj/cnt8.v      ;         ;
; cnt.v                            ; yes             ; User Verilog HDL File  ; C:/altera/projects/psj/cnt.v       ;         ;
; seg_7_2.v                        ; yes             ; User Verilog HDL File  ; C:/altera/projects/psj/seg_7_2.v   ;         ;
; input_map.v                      ; yes             ; User Verilog HDL File  ; C:/altera/projects/psj/input_map.v ;         ;
+----------------------------------+-----------------+------------------------+------------------------------------+---------+


+---------------------------------------------------------------------------------+
; Analysis & Synthesis Resource Usage Summary                                     ;
+---------------------------------------------+-----------------------------------+
; Resource                                    ; Usage                             ;
+---------------------------------------------+-----------------------------------+
; Estimated Total logic elements              ; 41                                ;
;                                             ;                                   ;
; Total combinational functions               ; 41                                ;
; Logic element usage by number of LUT inputs ;                                   ;
;     -- 4 input functions                    ; 16                                ;
;     -- 3 input functions                    ; 8                                 ;
;     -- <=2 input functions                  ; 17                                ;
;                                             ;                                   ;
; Logic elements by mode                      ;                                   ;
;     -- normal mode                          ; 41                                ;
;     -- arithmetic mode                      ; 0                                 ;
;                                             ;                                   ;
; Total registers                             ; 15                                ;
;     -- Dedicated logic registers            ; 15                                ;
;     -- I/O registers                        ; 0                                 ;
;                                             ;                                   ;
; I/O pins                                    ; 30                                ;
; Embedded Multiplier 9-bit elements          ; 0                                 ;
; Maximum fan-out node                        ; seg_7_2:S|cnt:C1|cnt8:U4|count[2] ;
; Maximum fan-out                             ; 14                                ;
; Total fan-out                               ; 182                               ;
; Average fan-out                             ; 1.57                              ;
+---------------------------------------------+-----------------------------------+


+---------------------------------------------------------------------------------------------------------------------------------------------------------------------------------------------+
; Analysis & Synthesis Resource Utilization by Entity                                                                                                                                         ;
+----------------------------+-------------------+--------------+-------------+--------------+---------+-----------+------+--------------+-------------------------------------+--------------+
; Compilation Hierarchy Node ; LC Combinationals ; LC Registers ; Memory Bits ; DSP Elements ; DSP 9x9 ; DSP 18x18 ; Pins ; Virtual Pins ; Full Hierarchy Name                 ; Library Name ;
+----------------------------+-------------------+--------------+-------------+--------------+---------+-----------+------+--------------+-------------------------------------+--------------+
; |input_map                 ; 41 (0)            ; 15 (0)       ; 0           ; 0            ; 0       ; 0         ; 30   ; 0            ; |input_map                          ; work         ;
;    |seg_7_2:S|             ; 41 (0)            ; 15 (0)       ; 0           ; 0            ; 0       ; 0         ; 0    ; 0            ; |input_map|seg_7_2:S                ; work         ;
;       |cnt:C1|             ; 19 (0)            ; 15 (0)       ; 0           ; 0            ; 0       ; 0         ; 0    ; 0            ; |input_map|seg_7_2:S|cnt:C1         ; work         ;
;          |cnt8:U0|         ; 4 (4)             ; 3 (3)        ; 0           ; 0            ; 0       ; 0         ; 0    ; 0            ; |input_map|seg_7_2:S|cnt:C1|cnt8:U0 ; work         ;
;          |cnt8:U1|         ; 4 (4)             ; 3 (3)        ; 0           ; 0            ; 0       ; 0         ; 0    ; 0            ; |input_map|seg_7_2:S|cnt:C1|cnt8:U1 ; work         ;
;          |cnt8:U2|         ; 4 (4)             ; 3 (3)        ; 0           ; 0            ; 0       ; 0         ; 0    ; 0            ; |input_map|seg_7_2:S|cnt:C1|cnt8:U2 ; work         ;
;          |cnt8:U3|         ; 4 (4)             ; 3 (3)        ; 0           ; 0            ; 0       ; 0         ; 0    ; 0            ; |input_map|seg_7_2:S|cnt:C1|cnt8:U3 ; work         ;
;          |cnt8:U4|         ; 3 (3)             ; 3 (3)        ; 0           ; 0            ; 0       ; 0         ; 0    ; 0            ; |input_map|seg_7_2:S|cnt:C1|cnt8:U4 ; work         ;
;       |mux2to1:M1|         ; 3 (3)             ; 0 (0)        ; 0           ; 0            ; 0       ; 0         ; 0    ; 0            ; |input_map|seg_7_2:S|mux2to1:M1     ; work         ;
;       |mux2to1:M2|         ; 3 (3)             ; 0 (0)        ; 0           ; 0            ; 0       ; 0         ; 0    ; 0            ; |input_map|seg_7_2:S|mux2to1:M2     ; work         ;
;       |mux2to1:M3|         ; 2 (2)             ; 0 (0)        ; 0           ; 0            ; 0       ; 0         ; 0    ; 0            ; |input_map|seg_7_2:S|mux2to1:M3     ; work         ;
;       |mux2to1:M4|         ; 8 (8)             ; 0 (0)        ; 0           ; 0            ; 0       ; 0         ; 0    ; 0            ; |input_map|seg_7_2:S|mux2to1:M4     ; work         ;
;       |mux2to1:M6|         ; 3 (3)             ; 0 (0)        ; 0           ; 0            ; 0       ; 0         ; 0    ; 0            ; |input_map|seg_7_2:S|mux2to1:M6     ; work         ;
;       |mux2to1:M7|         ; 3 (3)             ; 0 (0)        ; 0           ; 0            ; 0       ; 0         ; 0    ; 0            ; |input_map|seg_7_2:S|mux2to1:M7     ; work         ;
+----------------------------+-------------------+--------------+-------------+--------------+---------+-----------+------+--------------+-------------------------------------+--------------+
Note: For table entries with two numbers listed, the numbers in parentheses indicate the number of resources of the given type used by the specific entity alone. The numbers listed outside of parentheses indicate the total resources of the given type used by the specific entity and all of its sub-entities in the hierarchy.


+------------------------------------------------------+
; General Register Statistics                          ;
+----------------------------------------------+-------+
; Statistic                                    ; Value ;
+----------------------------------------------+-------+
; Total registers                              ; 15    ;
; Number of registers using Synchronous Clear  ; 0     ;
; Number of registers using Synchronous Load   ; 0     ;
; Number of registers using Asynchronous Clear ; 0     ;
; Number of registers using Asynchronous Load  ; 0     ;
; Number of registers using Clock Enable       ; 0     ;
; Number of registers using Preset             ; 0     ;
+----------------------------------------------+-------+


+--------------------------------------------------+
; Port Connectivity Checks: "seg_7_2:S|mux2to1:M9" ;
+------+-------+----------+------------------------+
; Port ; Type  ; Severity ; Details                ;
+------+-------+----------+------------------------+
; i0   ; Input ; Info     ; Stuck at GND           ;
; i1   ; Input ; Info     ; Stuck at VCC           ;
+------+-------+----------+------------------------+


+--------------------------------------------------+
; Port Connectivity Checks: "seg_7_2:S|mux2to1:M8" ;
+------+-------+----------+------------------------+
; Port ; Type  ; Severity ; Details                ;
+------+-------+----------+------------------------+
; i0   ; Input ; Info     ; Stuck at VCC           ;
; i1   ; Input ; Info     ; Stuck at GND           ;
+------+-------+----------+------------------------+


+-------------------------------------------------------------------------------------------------------------------------------------+
; Port Connectivity Checks: "seg_7_2:S|seg_7:MSD"                                                                                     ;
+------+--------+----------+----------------------------------------------------------------------------------------------------------+
; Port ; Type   ; Severity ; Details                                                                                                  ;
+------+--------+----------+----------------------------------------------------------------------------------------------------------+
; com  ; Output ; Warning  ; Declared by entity but not connected by instance. Logic that only feeds a dangling port will be removed. ;
+------+--------+----------+----------------------------------------------------------------------------------------------------------+


+-------------------------------------------------------------------------------------------------------------------------------------+
; Port Connectivity Checks: "seg_7_2:S|seg_7:LSD"                                                                                     ;
+------+--------+----------+----------------------------------------------------------------------------------------------------------+
; Port ; Type   ; Severity ; Details                                                                                                  ;
+------+--------+----------+----------------------------------------------------------------------------------------------------------+
; com  ; Output ; Warning  ; Declared by entity but not connected by instance. Logic that only feeds a dangling port will be removed. ;
+------+--------+----------+----------------------------------------------------------------------------------------------------------+


+------------------------------------------------------------------------------------------------------------------------------------------------------------------------------------------------------+
; Port Connectivity Checks: "seg_7_2:S"                                                                                                                                                                ;
+----------+--------+----------+-----------------------------------------------------------------------------------------------------------------------------------------------------------------------+
; Port     ; Type   ; Severity ; Details                                                                                                                                                               ;
+----------+--------+----------+-----------------------------------------------------------------------------------------------------------------------------------------------------------------------+
; data_out ; Output ; Warning  ; Output or bidir port (7 bits) is smaller than the port expression (8 bits) it drives.  The 1 most-significant bit(s) in the port expression will be connected to GND. ;
+----------+--------+----------+-----------------------------------------------------------------------------------------------------------------------------------------------------------------------+


+-------------------------------+
; Elapsed Time Per Partition    ;
+----------------+--------------+
; Partition Name ; Elapsed Time ;
+----------------+--------------+
; Top            ; 00:00:00     ;
+----------------+--------------+


+-------------------------------+
; Analysis & Synthesis Messages ;
+-------------------------------+
Info: *******************************************************************
Info: Running Quartus II 64-Bit Analysis & Synthesis
    Info: Version 13.0.1 Build 232 06/12/2013 Service Pack 1 SJ Web Edition
    Info: Processing started: Fri May 10 14:40:07 2024
Info: Command: quartus_map --read_settings_files=on --write_settings_files=off psj -c psj
Warning (20028): Parallel compilation is not licensed and has been disabled
Info (12021): Found 1 design units, including 1 entities, in source file univexample03291.v
    Info (12023): Found entity 1: univexample03291
Info (12021): Found 0 design units, including 0 entities, in source file dipsw_int.v
Info (12021): Found 0 design units, including 0 entities, in source file psj.v
Info (12021): Found 1 design units, including 1 entities, in source file half_adder.v
    Info (12023): Found entity 1: half_adder
Info (12021): Found 0 design units, including 0 entities, in source file int_display.v
Info (12021): Found 1 design units, including 1 entities, in source file example0405.v
    Info (12023): Found entity 1: example0405
Info (12021): Found 1 design units, including 1 entities, in source file full_adder.v
    Info (12023): Found entity 1: full_adder
Info (12021): Found 1 design units, including 1 entities, in source file four_bit_padder.v
    Info (12023): Found entity 1: four_bit_padder
Info (12021): Found 1 design units, including 1 entities, in source file seg_7.v
    Info (12023): Found entity 1: seg_7
Info (12021): Found 1 design units, including 1 entities, in source file mux2to1.v
    Info (12023): Found entity 1: mux2to1
Info (12021): Found 1 design units, including 1 entities, in source file cnt8.v
    Info (12023): Found entity 1: cnt8
Info (12021): Found 1 design units, including 1 entities, in source file cnt.v
    Info (12023): Found entity 1: cnt
Info (12021): Found 1 design units, including 1 entities, in source file seg_7_2.v
    Info (12023): Found entity 1: seg_7_2
Info (12021): Found 1 design units, including 1 entities, in source file input_map.v
    Info (12023): Found entity 1: input_map
Info (12021): Found 1 design units, including 1 entities, in source file seg_7_hex.v
    Info (12023): Found entity 1: seg_7_hex
Info (12021): Found 1 design units, including 1 entities, in source file seg_7_2_5bit.v
    Info (12023): Found entity 1: seg_7_2_5bit
Info (12021): Found 1 design units, including 1 entities, in source file five_bit_adder.v
    Info (12023): Found entity 1: five_bit_padder
Info (12021): Found 1 design units, including 1 entities, in source file add3.v
    Info (12023): Found entity 1: add3
Info (12021): Found 1 design units, including 1 entities, in source file binary_to_bcd.v
    Info (12023): Found entity 1: binary_to_BCD
Warning (10236): Verilog HDL Implicit Net warning at seg_7_2_5bit.v(14): created implicit net for "a"
Info (12127): Elaborating entity "input_map" for the top level hierarchy
Warning (10034): Output port "LED" at input_map.v(4) has no driver
Info (12128): Elaborating entity "seg_7_2" for hierarchy "seg_7_2:S"
Info (12128): Elaborating entity "cnt" for hierarchy "seg_7_2:S|cnt:C1"
Info (12128): Elaborating entity "cnt8" for hierarchy "seg_7_2:S|cnt:C1|cnt8:U0"
Info (12128): Elaborating entity "seg_7" for hierarchy "seg_7_2:S|seg_7:LSD"
Info (12128): Elaborating entity "mux2to1" for hierarchy "seg_7_2:S|mux2to1:M1"
Warning (12241): 3 hierarchies have connectivity warnings - see the Connectivity Checks report folder
Warning (13024): Output pins are stuck at VCC or GND
    Warning (13410): Pin "LED[0]" is stuck at GND
    Warning (13410): Pin "LED[1]" is stuck at GND
    Warning (13410): Pin "LED[2]" is stuck at GND
    Warning (13410): Pin "LED[3]" is stuck at GND
    Warning (13410): Pin "LED[4]" is stuck at GND
    Warning (13410): Pin "LED[5]" is stuck at GND
    Warning (13410): Pin "LED[6]" is stuck at GND
    Warning (13410): Pin "LED[7]" is stuck at GND
    Warning (13410): Pin "SEG[7]" is stuck at GND
    Warning (13410): Pin "CA[0]" is stuck at GND
    Warning (13410): Pin "CA[1]" is stuck at GND
    Warning (13410): Pin "p" is stuck at GND
Info (286030): Timing-Driven Synthesis is running
Info (17016): Found the following redundant logic cells in design
    Info (17048): Logic cell "seg_7_2:S|cnt:C1|cnt8:U3|LessThan0"
    Info (17048): Logic cell "seg_7_2:S|cnt:C1|cnt8:U2|LessThan0"
    Info (17048): Logic cell "seg_7_2:S|cnt:C1|cnt8:U1|LessThan0"
    Info (17048): Logic cell "seg_7_2:S|cnt:C1|cnt8:U0|LessThan0"
Info (144001): Generated suppressed messages file C:/altera/projects/psj/output_files/psj.map.smsg
Info (16010): Generating hard_block partition "hard_block:auto_generated_inst"
    Info (16011): Adding 0 node(s), including 0 DDIO, 0 PLL, 0 transceiver and 0 LCELL
Info (21057): Implemented 71 device resources after synthesis - the final resource count might be different
    Info (21058): Implemented 9 input pins
    Info (21059): Implemented 21 output pins
    Info (21061): Implemented 41 logic cells
Info: Quartus II 64-Bit Analysis & Synthesis was successful. 0 errors, 17 warnings
    Info: Peak virtual memory: 4595 megabytes
    Info: Processing ended: Fri May 10 14:40:09 2024
    Info: Elapsed time: 00:00:02
    Info: Total CPU time (on all processors): 00:00:02


+------------------------------------------+
; Analysis & Synthesis Suppressed Messages ;
+------------------------------------------+
The suppressed messages can be found in C:/altera/projects/psj/output_files/psj.map.smsg.


